{"root_nodes":[{"text":"R Text","id":0,"info":{"done":false,"created":"Now","closing_notes":"","finished":""},"children":[{"text":"M Text","id":2,"info":{"done":false,"created":"Now","closing_notes":"","finished":""},"children":[{"text":"P Text","id":8,"info":{"done":false,"created":"Now","closing_notes":"","finished":""},"children":[]},{"text":"Q Text","id":7,"info":{"done":false,"created":"Now","closing_notes":"","finished":""},"children":[]}]},{"text":"N Text","id":1,"info":{"done":false,"created":"Now","closing_notes":"","finished":""},"children":[{"text":"W Text","id":3,"info":{"done":false,"created":"Now","closing_notes":"","finished":""},"children":[{"text":"Z Text","id":6,"info":{"done":false,"created":"Now","closing_notes":"","finished":""},"children":[]}]},{"text":"X Text","id":4,"info":{"done":false,"created":"Now","closing_notes":"","finished":""},"children":[{"text":"Y Text","id":5,"info":{"done":false,"created":"Now","closing_notes":"","finished":""},"children":[]}]}]}]}],"current_task":"","current_task_id":0}